// Vitest Snapshot v1, https://vitest.dev/guide/snapshot.html

exports[`Guest Flow - Dashboard (usuario invitado) > snapshot del dashboard como invitado 1`] = `
<div>
  <div
    class="dashboard"
  >
    <form
      class="game-setup-form game-setup-outer dashboard-card"
    >
      <h2
        class="game-setup-title"
      >
        Configura tu partida
      </h2>
      <div
        class="setup-section"
      >
        <label
          class="setup-label"
          for="options-layout flex-row"
        >
          Dificultad
        </label>
        <div
          class="options-layout flex-row"
        >
          <button
            class="option-btn "
            type="button"
          >
            Fácil
          </button>
          <button
            class="option-btn selected"
            type="button"
          >
            Media
          </button>
          <button
            class="option-btn "
            type="button"
          >
            Difícil
          </button>
        </div>
      </div>
      <div
        class="setup-section"
      >
        <label
          class="setup-label"
          for="options-layout grid-2x2"
        >
          Estrategia
        </label>
        <div
          class="options-layout grid-2x2"
        >
          <button
            class="option-btn option-btn-animated selected"
            type="button"
          >
            Heurístico
          </button>
          <button
            class="option-btn option-btn-animated "
            type="button"
          >
            Defensivo
          </button>
        </div>
      </div>
      <div
        class="setup-section"
      >
        <div
          class="label-header"
          style="display: flex; align-items: center; justify-content: center; gap: 10px;"
        >
          <label
            class="setup-label"
            for="badge board-badge"
          >
            Tamaño del tablero
          </label>
          <span
            class="badge board-badge"
          >
            12
          </span>
        </div>
        <div
          class="slider-wrapper"
        >
          <input
            class="modern-slider"
            list="tickmarks"
            max="16"
            min="8"
            step="1"
            type="range"
            value="12"
          />
          <datalist
            id="tickmarks"
          >
            <option
              value="8"
            />
            <option
              value="9"
            />
            <option
              value="10"
            />
            <option
              value="11"
            />
            <option
              value="12"
            />
            <option
              value="13"
            />
            <option
              value="14"
            />
            <option
              value="15"
            />
            <option
              value="16"
            />
          </datalist>
          <div
            class="slider-marks"
          >
            <span
              class="slider-mark"
              style="left: 0%;"
            />
            <span
              class="slider-mark"
              style="left: 12.5%;"
            />
            <span
              class="slider-mark"
              style="left: 25%;"
            />
            <span
              class="slider-mark"
              style="left: 37.5%;"
            />
            <span
              class="slider-mark"
              style="left: 50%;"
            />
            <span
              class="slider-mark"
              style="left: 62.5%;"
            />
            <span
              class="slider-mark"
              style="left: 75%;"
            />
            <span
              class="slider-mark"
              style="left: 87.5%;"
            />
            <span
              class="slider-mark"
              style="left: 100%;"
            />
          </div>
          <div
            class="slider-ticks"
          >
            <span
              class="slider-tick-label slider-tick-label-major"
              style="left: 0%;"
            >
              8
            </span>
            <span
              class="slider-tick-label slider-tick-label-major"
              style="left: 12.5%;"
            >
              9
            </span>
            <span
              class="slider-tick-label slider-tick-label-major"
              style="left: 25%;"
            >
              10
            </span>
            <span
              class="slider-tick-label slider-tick-label-major"
              style="left: 37.5%;"
            >
              11
            </span>
            <span
              class="slider-tick-label slider-tick-label-major"
              style="left: 50%;"
            >
              12
            </span>
            <span
              class="slider-tick-label slider-tick-label-major"
              style="left: 62.5%;"
            >
              13
            </span>
            <span
              class="slider-tick-label slider-tick-label-major"
              style="left: 75%;"
            >
              14
            </span>
            <span
              class="slider-tick-label slider-tick-label-major"
              style="left: 87.5%;"
            >
              15
            </span>
            <span
              class="slider-tick-label slider-tick-label-major"
              style="left: 100%;"
            >
              16
            </span>
          </div>
        </div>
      </div>
      <button
        class="submit-game-btn"
        type="submit"
      >
        Jugar
      </button>
    </form>
    <button
      aria-label="Ver ayuda y reglas del juego"
      class="help-btn"
    >
      ? Ayuda
    </button>
    <dialog
      aria-label="Ayuda del juego"
      aria-modal="true"
      class="help-dialog"
    >
      <div
        class="help-dialog-inner"
      >
        <button
          aria-label="Cerrar ayuda"
          class="help-dialog-close"
        >
          X
        </button>
        <div
          class="help-content"
        >
          <h2>
            ¿Cómo jugar?
          </h2>
          <p>
            YoVi es un juego de estrategia por turnos en un tablero triangular. Tú juegas con las fichas azules y el bot con las fichas rojas.
          </p>
          <h3>
            Objetivo
          </h3>
          <p>
            Conectar tus fichas formando una línea continua que conecte los tres lados del tablero antes de que lo haga el bot.
          </p>
          <h3>
            Reglas
          </h3>
          <p>
            <ul>
              <li>
                Los jugadores se turnan colocando una ficha por turno.
              </li>
              <li>
                Sólo puedes colocar fichas en casillas vacías.
              </li>
              <li>
                El primero en conectar sus dos lados gana la partida.
              </li>
            </ul>
          </p>
        </div>
      </div>
    </dialog>
  </div>
</div>
`;
